// Jest Snapshot v1, https://goo.gl/fbAQLP

exports[`DetailView renders correctly and match Snapshot 1`] = `
<div>
  <article
    class="makeStyles-root-1 closable active"
  >
    <section
      class="makeStyles-inner-2 md"
    >
      <div
        class="makeStyles-closeIcon-3 none"
      >
        close
      </div>
      <section
        class=""
      >
        <div
          class=""
        >
          <button
            class="makeStyles-root-4 makeStyles-primary-5 medium"
          >
            <span
              class="makeStyles-root-12 makeStyles-colorPrimary-13 makeStyles-sizeMedium-19"
            >
              <span
                class="makeStyles-root-12 makeStyles-sizeMedium-19"
              >
                <svg
                  aria-hidden="true"
                  data-icon="close"
                  height="1em"
                  viewBox="64 64 896 896"
                  width="1em"
                >
                  <path
                    d="M563.8 512l262.5-312.9c4.4-5.2.7-13.1-6.1-13.1h-79.8c-4.7 0-9.2 2.1-12.3 5.7L511.6 449.8 295.1 191.7c-3-3.6-7.5-5.7-12.3-5.7H203c-6.8 0-10.5 7.9-6.1 13.1L459.4 512 196.9 824.9A7.95 7.95 0 00203 838h79.8c4.7 0 9.2-2.1 12.3-5.7l216.5-258.1 216.5 258.1c3 3.6 7.5 5.7 12.3 5.7h79.8c6.8 0 10.5-7.9 6.1-13.1L563.8 512z"
                  />
                </svg>
              </span>
            </span>
          </button>
        </div>
        <section
          class=""
        >
          <div
            class=""
          >
            <span>
              Jan 19, 11:56PM
            </span>
            <h2
              class="makeStyles-root-22 makeStyles-h2-24"
            >
              Transfer Summary
            </h2>
          </div>
          <section
            class=""
          >
            <div>
              <span
                class="makeStyles-root-22 makeStyles-body1-31"
              >
                Address
              </span>
              <div
                class=""
              >
                <div
                  class=""
                >
                  <article
                    class="makeStyles-root-35 circle small"
                  >
                    <canvas
                      class="identicon makeStyles-root-36"
                      height="60"
                      style="width: 60px; height: 60px;"
                      width="60"
                    />
                  </article>
                  <span
                    class=""
                  >
                    0x6DAC...DeEfC6
                  </span>
                </div>
              </div>
            </div>
            <div>
              <span
                class="makeStyles-root-22 makeStyles-body1-31"
              >
                Status
              </span>
              <p
                class=""
              >
                Executed
              </p>
            </div>
          </section>
          <section
            class=""
          >
            <div
              class=""
            >
              <span
                class="makeStyles-root-22 makeStyles-body1-31"
              >
                Sent
              </span>
              <div>
                <p>
                  1.0
                   
                  an ERC20
                </p>
              </div>
            </div>
            <div
              class=""
            >
              <span
                class="makeStyles-root-22 makeStyles-body1-31"
              >
                From
              </span>
              <div>
                <span>
                  <img
                    alt="ERC20"
                    class=""
                    src="eth.svg"
                  />
                </span>
                <span>
                  EVM Celo Testnet
                </span>
              </div>
            </div>
            <div
              class=""
            >
              <span
                class="makeStyles-root-22 makeStyles-body1-31"
              >
                To
              </span>
              <div>
                <span>
                  <img
                    alt="ERC20"
                    class=""
                    src="eth.svg"
                  />
                </span>
                <span>
                  Ethereum - Rinkeby
                </span>
              </div>
            </div>
          </section>
          <section
            class=""
          >
            <div />
            <div />
            <div
              class=""
            >
              <div>
                <span
                  class="makeStyles-root-22 makeStyles-body1-31"
                >
                  Transaction Hash
                </span>
                <span>
                  <span
                    class="makeStyles-root-12 makeStyles-sizeMedium-19"
                  >
                    <svg>
                      hashTx.svg
                    </svg>
                  </span>
                  0xd615...fbb189
                </span>
              </div>
            </div>
          </section>
          <hr />
          <section
            class=""
          >
            <div>
              <h2
                class="makeStyles-root-22 makeStyles-h2-24"
              >
                Transfer Timeline
              </h2>
            </div>
            <div
              class=""
            >
              <div
                class=""
              >
                <p
                  class=""
                >
                  <span
                    class=""
                  >
                    <div
                      class=""
                    />
                    Deposit submitted
                  </span>
                  <span
                    class=""
                  >
                    11:56pm
                  </span>
                </p>
                <div
                  class=""
                />
              </div>
              <div
                class=""
              >
                <p
                  class=""
                >
                  <span>
                    <div
                      class=""
                    />
                    Proposal created by 0xb7d5...dD949A
                  </span>
                  <span
                    class=""
                  >
                    11:56pm
                  </span>
                </p>
                <div
                  class=""
                />
              </div>
              <div
                class=""
              >
                <hr />
                <button
                  class=""
                >
                  View full timeline
                </button>
              </div>
              <div
                class=""
              >
                <p
                  class=""
                >
                  <span
                    class=""
                  >
                    <div
                      class=""
                    />
                    confirmed by 0xb7d5...dD949A
                  </span>
                  <span
                    class=""
                  >
                    11:56pm
                  </span>
                </p>
                <div
                  class=""
                />
              </div>
              <div
                class=""
              >
                <p
                  class=""
                >
                  <span
                    class=""
                  >
                    <div
                      class=""
                    />
                    confirmed by 0x010f...Be6208
                  </span>
                  <span
                    class=""
                  >
                    11:56pm
                  </span>
                </p>
                <div
                  class=""
                />
              </div>
              <div
                class=""
              >
                <p
                  class=""
                >
                  <span
                    class=""
                  >
                    <div
                      class=""
                    />
                    Proposal passed by 0x010f...Be6208
                  </span>
                  <span
                    class=""
                  >
                    11:56pm
                  </span>
                </p>
                <div
                  class=""
                />
              </div>
              <div
                class=""
              >
                <p
                  class=""
                >
                  <span
                    class=""
                  >
                    <div
                      class=""
                    />
                    Proposal executed by 0x010f...Be6208
                  </span>
                  <span
                    class=""
                  >
                    11:56pm
                  </span>
                </p>
                <div
                  class=""
                />
              </div>
              <div
                class=""
              >
                <p
                  class=""
                >
                  <span>
                    <div
                      class=""
                    />
                    Transfer executed on Mainnet
                  </span>
                  <span
                    class=""
                  >
                    11:56pm
                  </span>
                </p>
              </div>
            </div>
          </section>
        </section>
      </section>
    </section>
  </article>
</div>
`;
